Fatal error: exception Failure("Semantic checking for pattern matching not implemented yet")
